// Jest Snapshot v1, https://goo.gl/fbAQLP

exports[`dropdown should render 1`] = `
<DocumentFragment>
  <select>
    <option
      disabled=""
      selected=""
      value="Sort By"
    >
      Sort by
    </option>
    <option
      value="name"
    >
      Name
    </option>
    <option
      value="added"
    >
      Date
    </option>
  </select>
</DocumentFragment>
`;
