// Jest Snapshot v1, https://goo.gl/fbAQLP

exports[`file should render 1`] = `
<DocumentFragment>
  <div>
    <ul>
      <li>
        pdf
      </li>
      <li>
        test
      </li>
      <li>
        2017-01-06
      </li>
    </ul>
  </div>
</DocumentFragment>
`;
