// Jest Snapshot v1, https://goo.gl/fbAQLP

exports[`input should render 1`] = `
<DocumentFragment>
  <div
    class="InputWrapper"
  >
    <i
      class="fa fa-search"
    />
    <input
      placeholder="Filename..."
    />
  </div>
</DocumentFragment>
`;
