// Jest Snapshot v1, https://goo.gl/fbAQLP

exports[`folder should render 1`] = `
<DocumentFragment>
  <div>
    this is a folder
  </div>
</DocumentFragment>
`;
